// Jest Snapshot v1, https://goo.gl/fbAQLP

exports[`Counter should match snapshot 1`] = `
<div>
  <div
    class="zeroProduct"
  >
    <button
      type="button"
    >
              +      
    </button>
    <p>
      0
       
      in basket
    </p>
    <button
      type="button"
    >
      -
    </button>
  </div>
</div>
`;
