// Jest Snapshot v1, https://goo.gl/fbAQLP

exports[`Home should match the snapshot 1`] = `
<div>
  <div>
    <div>
      <h1>
        abc
      </h1>
      <div
        class="product-card"
      >
        <div
          class="product-card-element"
        >
          <img
            alt="fruitItem"
            data-testid="product-img"
          />
          <p>
            milk
          </p>
          <div
            class="price-counter"
          >
            <p>
              MRP
              10
              /-
            </p>
            <div
              class="zeroProduct"
            >
              <button
                type="button"
              >
                        +      
              </button>
              <p>
                0
                 
                in basket
              </p>
              <button
                type="button"
              >
                -
              </button>
            </div>
          </div>
        </div>
      </div>
    </div>
    <div>
      <h1>
        bcd
      </h1>
      <div
        class="product-card"
      >
        <div
          class="product-card-element"
        >
          <img
            alt="fruitItem"
            data-testid="product-img"
          />
          <p>
            apple
          </p>
          <div
            class="price-counter"
          >
            <p>
              MRP
              10
              /-
            </p>
            <div
              class="zeroProduct"
            >
              <button
                type="button"
              >
                        +      
              </button>
              <p>
                0
                 
                in basket
              </p>
              <button
                type="button"
              >
                -
              </button>
            </div>
          </div>
        </div>
      </div>
    </div>
  </div>
</div>
`;
