// Jest Snapshot v1, https://goo.gl/fbAQLP

exports[`AllOrders should match the snapShot 1`] = `
<div>
  <div>
    <h1>
      Past Orders
    </h1>
    <hr />
    <table
      border="1"
      class="orders-table"
    >
      <thead>
        <tr
          class="orders-table-header"
        >
          <th>
            Order
          </th>
          <th>
            items
          </th>
          <th>
            Order Date
          </th>
          <th>
            Amount
          </th>
        </tr>
      </thead>
      <tbody>
        <tr
          class="order-value"
        >
          <td>
            1
          </td>
          <td>
            1
          </td>
          <td>
            Thu Jan 01 1970 05:30:00 GMT+0530 (India Standard Time)
          </td>
          <td>
            12
          </td>
        </tr>
      </tbody>
      <table
        border="1"
        class="cart-table"
      >
        <thead>
          <tr
            class="cart-table-header"
          >
            <th>
              ITEM DESCRIPTION
            </th>
            <th>
              UNIT PRICE
            </th>
            <th>
              QUANTITY
            </th>
            <th>
              SUBTOTAL
            </th>
          </tr>
        </thead>
        <tbody>
          <tr
            class="title"
          >
            <td>
              idk
            </td>
          </tr>
          <tr
            class="item-value"
          >
            <td>
              pp
            </td>
            <td>
              12
            </td>
            <td>
              20
            </td>
            <td>
              240
            </td>
          </tr>
        </tbody>
      </table>
    </table>
  </div>
</div>
`;
